// Jest Snapshot v1, https://goo.gl/fbAQLP

exports[`ElectronSettings component renders 1`] = `
<div
  className="settings-electron"
>
  <h2>
    Electron Settings
  </h2>
  <div
    className="advanced-options settings-section"
  >
    <div
      className="versions-to-show"
    >
      <p>
        Include Electron versions from these release channels:
      </p>
      <label>
        <input
          checked={true}
          id="Stable"
          onChange={[Function]}
          type="checkbox"
        />
        Stable
      </label>
      <label>
        <input
          checked={true}
          id="Beta"
          onChange={[Function]}
          type="checkbox"
        />
        Beta
      </label>
      <label>
        <input
          checked={false}
          id="Nightly"
          onChange={[Function]}
          type="checkbox"
        />
        Nightly
      </label>
      <label>
        <input
          checked={false}
          id="Unsupported"
          onChange={[Function]}
          type="checkbox"
        />
        Unsupported
      </label>
      <p>
        Number of recent Electron releases to include:
      </p>
      <select
        onChange={[Function]}
      >
        <option
          value="1"
        >
          30
        </option>
        <option
          value="2"
        >
          60
        </option>
        <option
          value="3"
        >
          90
        </option>
        <option
          value="4"
        >
          120
        </option>
        <option
          value="5"
        >
          150
        </option>
        <option
          value="6"
        >
          180
        </option>
        <option
          value="7"
        >
          210
        </option>
        <option
          value="8"
        >
          240
        </option>
        <option
          value="9"
        >
          270
        </option>
        <option
          value="10"
        >
          300
        </option>
      </select>
      <br />
      <button
        className="button"
        onClick={[Function]}
      >
        <FontAwesomeIcon
          border={false}
          className=""
          fixedWidth={false}
          flip={null}
          icon={
            Object {
              "icon": Array [
                384,
                512,
                Array [],
                "f46d",
                "M336 64h-80c0-35.3-28.7-64-64-64s-64 28.7-64 64H48C21.5 64 0 85.5 0 112v352c0 26.5 21.5 48 48 48h288c26.5 0 48-21.5 48-48V112c0-26.5-21.5-48-48-48zM96 424c-13.3 0-24-10.7-24-24s10.7-24 24-24 24 10.7 24 24-10.7 24-24 24zm0-96c-13.3 0-24-10.7-24-24s10.7-24 24-24 24 10.7 24 24-10.7 24-24 24zm0-96c-13.3 0-24-10.7-24-24s10.7-24 24-24 24 10.7 24 24-10.7 24-24 24zm96-192c13.3 0 24 10.7 24 24s-10.7 24-24 24-24-10.7-24-24 10.7-24 24-24zm128 368c0 4.4-3.6 8-8 8H168c-4.4 0-8-3.6-8-8v-16c0-4.4 3.6-8 8-8h144c4.4 0 8 3.6 8 8v16zm0-96c0 4.4-3.6 8-8 8H168c-4.4 0-8-3.6-8-8v-16c0-4.4 3.6-8 8-8h144c4.4 0 8 3.6 8 8v16zm0-96c0 4.4-3.6 8-8 8H168c-4.4 0-8-3.6-8-8v-16c0-4.4 3.6-8 8-8h144c4.4 0 8 3.6 8 8v16z",
              ],
              "iconName": "clipboard-list",
              "prefix": "fas",
            }
          }
          inverse={false}
          listItem={false}
          mask={null}
          pull={null}
          pulse={false}
          rotation={null}
          size={null}
          spin={false}
          symbol={false}
          title=""
          transform={null}
        />
         Update Electron Release List
      </button>
    </div>
    <label>
      Download all versions of Electron.
    </label>
    <button
      className="button btn-download-all"
      disabled={false}
      onClick={[Function]}
    >
      <FontAwesomeIcon
        border={false}
        className=""
        fixedWidth={false}
        flip={null}
        icon={
          Object {
            "icon": Array [
              640,
              512,
              Array [],
              "f381",
              "M537.6 226.6c4.1-10.7 6.4-22.4 6.4-34.6 0-53-43-96-96-96-19.7 0-38.1 6-53.3 16.2C367 64.2 315.3 32 256 32c-88.4 0-160 71.6-160 160 0 2.7.1 5.4.2 8.1C40.2 219.8 0 273.2 0 336c0 79.5 64.5 144 144 144h368c70.7 0 128-57.3 128-128 0-61.9-44-113.6-102.4-125.4zm-132.9 88.7L299.3 420.7c-6.2 6.2-16.4 6.2-22.6 0L171.3 315.3c-10.1-10.1-2.9-27.3 11.3-27.3H248V176c0-8.8 7.2-16 16-16h48c8.8 0 16 7.2 16 16v112h65.4c14.2 0 21.4 17.2 11.3 27.3z",
            ],
            "iconName": "cloud-download-alt",
            "prefix": "fas",
          }
        }
        inverse={false}
        listItem={false}
        mask={null}
        pull={null}
        pulse={false}
        rotation={null}
        size={null}
        spin={false}
        symbol={false}
        title=""
        transform={null}
      />
       Download All Versions
    </button>
    <label>
      Remove all downloaded versions of Electron.
    </label>
    <button
      className="button btn-delete-all"
      disabled={false}
      onClick={[Function]}
    >
      <FontAwesomeIcon
        border={false}
        className=""
        fixedWidth={false}
        flip={null}
        icon={
          Object {
            "icon": Array [
              448,
              512,
              Array [],
              "f1f8",
              "M0 84V56c0-13.3 10.7-24 24-24h112l9.4-18.7c4-8.2 12.3-13.3 21.4-13.3h114.3c9.1 0 17.4 5.1 21.5 13.3L312 32h112c13.3 0 24 10.7 24 24v28c0 6.6-5.4 12-12 12H12C5.4 96 0 90.6 0 84zm415.2 56.7L394.8 467c-1.6 25.3-22.6 45-47.9 45H101.1c-25.3 0-46.3-19.7-47.9-45L32.8 140.7c-.4-6.9 5.1-12.7 12-12.7h358.5c6.8 0 12.3 5.8 11.9 12.7z",
            ],
            "iconName": "trash",
            "prefix": "fas",
          }
        }
        inverse={false}
        listItem={false}
        mask={null}
        pull={null}
        pulse={false}
        rotation={null}
        size={null}
        spin={false}
        symbol={false}
        title=""
        transform={null}
      />
       Delete All Versions
    </button>
  </div>
  <div>
    <h2>
      Versions
    </h2>
    <table
      className="electron-versions-table"
    >
      <thead>
        <tr>
          <th>
            Version
          </th>
          <th>
            Status
          </th>
          <th
            className="action"
          >
            Action
          </th>
        </tr>
      </thead>
      <tbody>
        <tr
          key="v2.0.2"
        >
          <td>
            v2.0.2
          </td>
          <td>
            ⏬ Downloading
          </td>
          <td>
            <button
              className="button"
              disabled={true}
            >
              <FontAwesomeIcon
                border={false}
                className=""
                fixedWidth={false}
                flip={null}
                icon={
                  Object {
                    "icon": Array [
                      512,
                      512,
                      Array [],
                      "f110",
                      "M304 48c0 26.51-21.49 48-48 48s-48-21.49-48-48 21.49-48 48-48 48 21.49 48 48zm-48 368c-26.51 0-48 21.49-48 48s21.49 48 48 48 48-21.49 48-48-21.49-48-48-48zm208-208c-26.51 0-48 21.49-48 48s21.49 48 48 48 48-21.49 48-48-21.49-48-48-48zM96 256c0-26.51-21.49-48-48-48S0 229.49 0 256s21.49 48 48 48 48-21.49 48-48zm12.922 99.078c-26.51 0-48 21.49-48 48s21.49 48 48 48 48-21.49 48-48c0-26.509-21.491-48-48-48zm294.156 0c-26.51 0-48 21.49-48 48s21.49 48 48 48 48-21.49 48-48c0-26.509-21.49-48-48-48zM108.922 60.922c-26.51 0-48 21.49-48 48s21.49 48 48 48 48-21.49 48-48-21.491-48-48-48z",
                    ],
                    "iconName": "spinner",
                    "prefix": "fas",
                  }
                }
                inverse={false}
                listItem={false}
                mask={null}
                pull={null}
                pulse={false}
                rotation={null}
                size={null}
                spin={true}
                symbol={false}
                title=""
                transform={null}
              />
               Downloading
            </button>
          </td>
        </tr>
        <tr
          key="v2.0.1"
        >
          <td>
            v2.0.1
          </td>
          <td>
            ✅ Downloaded
          </td>
          <td>
            <button
              className="button"
              onClick={[Function]}
            >
              <FontAwesomeIcon
                border={false}
                className=""
                fixedWidth={false}
                flip={null}
                icon={
                  Object {
                    "icon": Array [
                      448,
                      512,
                      Array [],
                      "f1f8",
                      "M0 84V56c0-13.3 10.7-24 24-24h112l9.4-18.7c4-8.2 12.3-13.3 21.4-13.3h114.3c9.1 0 17.4 5.1 21.5 13.3L312 32h112c13.3 0 24 10.7 24 24v28c0 6.6-5.4 12-12 12H12C5.4 96 0 90.6 0 84zm415.2 56.7L394.8 467c-1.6 25.3-22.6 45-47.9 45H101.1c-25.3 0-46.3-19.7-47.9-45L32.8 140.7c-.4-6.9 5.1-12.7 12-12.7h358.5c6.8 0 12.3 5.8 11.9 12.7z",
                    ],
                    "iconName": "trash",
                    "prefix": "fas",
                  }
                }
                inverse={false}
                listItem={false}
                mask={null}
                pull={null}
                pulse={false}
                rotation={null}
                size={null}
                spin={false}
                symbol={false}
                title=""
                transform={null}
              />
               Delete
            </button>
          </td>
        </tr>
        <tr
          key="v1.8.7"
        >
          <td>
            v1.8.7
          </td>
          <td>
            ⏹ Not downloaded
          </td>
          <td>
            <button
              className="button"
              onClick={[Function]}
            >
              <FontAwesomeIcon
                border={false}
                className=""
                fixedWidth={false}
                flip={null}
                icon={
                  Object {
                    "icon": Array [
                      640,
                      512,
                      Array [],
                      "f381",
                      "M537.6 226.6c4.1-10.7 6.4-22.4 6.4-34.6 0-53-43-96-96-96-19.7 0-38.1 6-53.3 16.2C367 64.2 315.3 32 256 32c-88.4 0-160 71.6-160 160 0 2.7.1 5.4.2 8.1C40.2 219.8 0 273.2 0 336c0 79.5 64.5 144 144 144h368c70.7 0 128-57.3 128-128 0-61.9-44-113.6-102.4-125.4zm-132.9 88.7L299.3 420.7c-6.2 6.2-16.4 6.2-22.6 0L171.3 315.3c-10.1-10.1-2.9-27.3 11.3-27.3H248V176c0-8.8 7.2-16 16-16h48c8.8 0 16 7.2 16 16v112h65.4c14.2 0 21.4 17.2 11.3 27.3z",
                    ],
                    "iconName": "cloud-download-alt",
                    "prefix": "fas",
                  }
                }
                inverse={false}
                listItem={false}
                mask={null}
                pull={null}
                pulse={false}
                rotation={null}
                size={null}
                spin={false}
                symbol={false}
                title=""
                transform={null}
              />
               Download
            </button>
          </td>
        </tr>
      </tbody>
    </table>
  </div>
</div>
`;
